

================================================================
== Vitis HLS Report for 'pip_crossing2'
================================================================
* Date:           Tue May 31 13:30:20 2022

* Version:        2022.1 (Build 3526262 on Mon Apr 18 15:48:16 MDT 2022)
* Project:        pip_hls_kernel
* Solution:       solution1 (Vitis Kernel Flow Target)
* Product family: zynquplus
* Target device:  xczu9eg-ffvb1156-2-e


================================================================
== Performance Estimates
================================================================
+ Timing: 
    * Summary: 
    +--------+---------+----------+------------+
    |  Clock |  Target | Estimated| Uncertainty|
    +--------+---------+----------+------------+
    |ap_clk  |  5.00 ns|  3.396 ns|     1.35 ns|
    +--------+---------+----------+------------+

+ Latency: 
    * Summary: 
    +---------+---------+-----------+-----------+-----+-----+---------+
    |  Latency (cycles) |   Latency (absolute)  |  Interval | Pipeline|
    |   min   |   max   |    min    |    max    | min | max |   Type  |
    +---------+---------+-----------+-----------+-----+-----+---------+
    |       10|       10|  50.000 ns|  50.000 ns|   11|   11|      yes|
    +---------+---------+-----------+-----------+-----+-----+---------+

    + Detail: 
        * Instance: 
        N/A

        * Loop: 
        N/A



================================================================
== Utilization Estimates
================================================================
* Summary: 
+-----------------+---------+------+--------+--------+-----+
|       Name      | BRAM_18K|  DSP |   FF   |   LUT  | URAM|
+-----------------+---------+------+--------+--------+-----+
|DSP              |        -|     2|       -|       -|    -|
|Expression       |        -|     -|       0|     553|    -|
|FIFO             |        -|     -|       -|       -|    -|
|Instance         |        -|     -|       -|       -|    -|
|Memory           |        -|     -|       -|       -|    -|
|Multiplexer      |        -|     -|       -|      65|    -|
|Register         |        -|     -|     194|       -|    -|
+-----------------+---------+------+--------+--------+-----+
|Total            |        0|     2|     194|     618|    0|
+-----------------+---------+------+--------+--------+-----+
|Available        |     1824|  2520|  548160|  274080|    0|
+-----------------+---------+------+--------+--------+-----+
|Utilization (%)  |        0|    ~0|      ~0|      ~0|    0|
+-----------------+---------+------+--------+--------+-----+

+ Detail: 
    * Instance: 
    N/A

    * DSP: 
    +---------------------------------+------------------------------+----------------+
    |             Instance            |            Module            |   Expression   |
    +---------------------------------+------------------------------+----------------+
    |am_submul_18s_18s_18s_37_4_1_U5  |am_submul_18s_18s_18s_37_4_1  |  (i0 - i1) * i2|
    |mul_mul_18s_18s_36_4_1_U4        |mul_mul_18s_18s_36_4_1        |         i0 * i1|
    +---------------------------------+------------------------------+----------------+

    * Memory: 
    N/A

    * FIFO: 
    N/A

    * Expression: 
    +------------------------------+----------+----+---+----+------------+------------+
    |         Variable Name        | Operation| DSP| FF| LUT| Bitwidth P0| Bitwidth P1|
    +------------------------------+----------+----+---+----+------------+------------+
    |ix_V_4_fu_680_p2              |         +|   0|  0|  25|          18|          18|
    |ret_V_1_fu_313_p2             |         +|   0|  0|  17|          10|           1|
    |ret_V_8_fu_575_p2             |         +|   0|  0|  44|          37|          37|
    |vt_V_fu_380_p2                |         +|   0|  0|  25|          18|          18|
    |ret_V_6_fu_161_p2             |         -|   0|  0|  26|          19|          19|
    |ret_V_7_fu_225_p2             |         -|   0|  0|  26|          19|          19|
    |and_ln46_1_fu_666_p2          |       and|   0|  0|   2|           1|           1|
    |and_ln46_fu_656_p2            |       and|   0|  0|   2|           1|           1|
    |and_ln936_1_fu_723_p2         |       and|   0|  0|   2|           1|           1|
    |and_ln936_fu_463_p2           |       and|   0|  0|   2|           1|           1|
    |and_ln937_1_fu_735_p2         |       and|   0|  0|   2|           1|           1|
    |and_ln937_fu_477_p2           |       and|   0|  0|   2|           1|           1|
    |ap_return                     |       and|   0|  0|   2|           1|           1|
    |carry_1_fu_400_p2             |       and|   0|  0|   2|           1|           1|
    |carry_3_fu_699_p2             |       and|   0|  0|   2|           1|           1|
    |overflow_2_fu_257_p2          |       and|   0|  0|   2|           1|           1|
    |overflow_3_fu_501_p2          |       and|   0|  0|   2|           1|           1|
    |overflow_4_fu_757_p2          |       and|   0|  0|   2|           1|           1|
    |overflow_fu_193_p2            |       and|   0|  0|   2|           1|           1|
    |underflow_1_fu_781_p2         |       and|   0|  0|   2|           1|           1|
    |underflow_fu_525_p2           |       and|   0|  0|   2|           1|           1|
    |Range1_all_ones_3_fu_639_p2   |      icmp|   0|  0|  11|          11|           2|
    |Range1_all_ones_fu_430_p2     |      icmp|   0|  0|  11|          10|           2|
    |Range1_all_zeros_1_fu_645_p2  |      icmp|   0|  0|  11|          11|           1|
    |Range1_all_zeros_fu_436_p2    |      icmp|   0|  0|  11|          10|           1|
    |Range2_all_ones_1_fu_623_p2   |      icmp|   0|  0|  11|          10|           2|
    |Range2_all_ones_fu_415_p2     |      icmp|   0|  0|  11|           9|           2|
    |icmp_ln1049_fu_307_p2         |      icmp|   0|  0|  11|           8|           1|
    |icmp_ln1695_1_fu_141_p2       |      icmp|   0|  0|  13|          18|          18|
    |icmp_ln1695_fu_135_p2         |      icmp|   0|  0|  13|          18|          18|
    |icmp_ln1696_fu_808_p2         |      icmp|   0|  0|  13|          18|          18|
    |icmp_ln1698_1_fu_147_p2       |      icmp|   0|  0|  13|          18|          18|
    |icmp_ln1698_fu_129_p2         |      icmp|   0|  0|  13|          18|          18|
    |or_ln392_1_fu_794_p2          |        or|   0|  0|   2|           1|           1|
    |or_ln392_fu_539_p2            |        or|   0|  0|   2|           1|           1|
    |or_ln46_fu_671_p2             |        or|   0|  0|   2|           1|           1|
    |or_ln941_1_fu_746_p2          |        or|   0|  0|   2|           1|           1|
    |or_ln941_fu_489_p2            |        or|   0|  0|   2|           1|           1|
    |or_ln942_1_fu_769_p2          |        or|   0|  0|   2|           1|           1|
    |or_ln942_fu_513_p2            |        or|   0|  0|   2|           1|           1|
    |a_V_fu_213_p3                 |    select|   0|  0|  17|           1|          18|
    |b_V_fu_277_p3                 |    select|   0|  0|  17|           1|          18|
    |deleted_ones_3_fu_728_p3      |    select|   0|  0|   2|           1|           1|
    |deleted_ones_fu_469_p3        |    select|   0|  0|   2|           1|           1|
    |deleted_zeros_1_fu_704_p3     |    select|   0|  0|   2|           1|           1|
    |deleted_zeros_fu_442_p3       |    select|   0|  0|   2|           1|           1|
    |ix_V_fu_800_p3                |    select|   0|  0|  17|           1|          18|
    |ret_V_2_fu_327_p3             |    select|   0|  0|  10|           1|          10|
    |select_ln1048_fu_319_p3       |    select|   0|  0|  10|           1|          10|
    |select_ln392_2_fu_269_p3      |    select|   0|  0|  18|           1|          17|
    |select_ln392_3_fu_531_p3      |    select|   0|  0|  18|           1|          17|
    |select_ln392_5_fu_786_p3      |    select|   0|  0|  18|           1|          17|
    |select_ln392_fu_205_p3        |    select|   0|  0|  18|           1|          17|
    |vt_V_1_fu_545_p3              |    select|   0|  0|  17|           1|          18|
    |xor_ln1698_1_fu_661_p2        |       xor|   0|  0|   2|           1|           2|
    |xor_ln1698_fu_651_p2          |       xor|   0|  0|   2|           1|           2|
    |xor_ln348_1_fu_263_p2         |       xor|   0|  0|   2|           1|           1|
    |xor_ln348_fu_199_p2           |       xor|   0|  0|   2|           1|           1|
    |xor_ln936_1_fu_717_p2         |       xor|   0|  0|   2|           1|           2|
    |xor_ln936_fu_457_p2           |       xor|   0|  0|   2|           1|           2|
    |xor_ln941_1_fu_251_p2         |       xor|   0|  0|   2|           1|           2|
    |xor_ln941_2_fu_483_p2         |       xor|   0|  0|   2|           1|           2|
    |xor_ln941_3_fu_495_p2         |       xor|   0|  0|   2|           1|           2|
    |xor_ln941_4_fu_740_p2         |       xor|   0|  0|   2|           1|           2|
    |xor_ln941_5_fu_752_p2         |       xor|   0|  0|   2|           1|           2|
    |xor_ln941_fu_187_p2           |       xor|   0|  0|   2|           1|           2|
    |xor_ln942_1_fu_507_p2         |       xor|   0|  0|   2|           1|           2|
    |xor_ln942_2_fu_693_p2         |       xor|   0|  0|   2|           1|           2|
    |xor_ln942_3_fu_763_p2         |       xor|   0|  0|   2|           1|           2|
    |xor_ln942_4_fu_519_p2         |       xor|   0|  0|   2|           1|           1|
    |xor_ln942_5_fu_775_p2         |       xor|   0|  0|   2|           1|           1|
    |xor_ln942_fu_394_p2           |       xor|   0|  0|   2|           1|           2|
    +------------------------------+----------+----+---+----+------------+------------+
    |Total                         |          |   0|  0| 553|         334|         431|
    +------------------------------+----------+----+---+----+------------+------------+

    * Multiplexer: 
    +-----------+----+-----------+-----+-----------+
    |    Name   | LUT| Input Size| Bits| Total Bits|
    +-----------+----+-----------+-----+-----------+
    |ap_NS_fsm  |  65|         12|    1|         12|
    +-----------+----+-----------+-----+-----------+
    |Total      |  65|         12|    1|         12|
    +-----------+----+-----------+-----+-----------+

    * Register: 
    +----------------------------+----+----+-----+-----------+
    |            Name            | FF | LUT| Bits| Const Bits|
    +----------------------------+----+----+-----+-----------+
    |Range1_all_ones_3_reg_934   |   1|   0|    1|          0|
    |Range1_all_zeros_1_reg_941  |   1|   0|    1|          0|
    |Range2_all_ones_1_reg_929   |   1|   0|    1|          0|
    |a_V_reg_863                 |  18|   0|   18|          0|
    |ap_CS_fsm                   |  11|   0|   11|          0|
    |ap_port_reg_e1_x            |  18|   0|   18|          0|
    |ap_port_reg_e2_x            |  18|   0|   18|          0|
    |ap_port_reg_p_x             |  18|   0|   18|          0|
    |e1_x_read_reg_893           |  18|   0|   18|          0|
    |icmp_ln1695_1_reg_853       |   1|   0|    1|          0|
    |icmp_ln1695_reg_848         |   1|   0|    1|          0|
    |icmp_ln1698_1_reg_858       |   1|   0|    1|          0|
    |icmp_ln1698_reg_843         |   1|   0|    1|          0|
    |ix_V_3_reg_914              |  18|   0|   18|          0|
    |p_Result_15_reg_908         |   1|   0|    1|          0|
    |p_Result_16_reg_919         |   1|   0|    1|          0|
    |ret_V_2_reg_868             |  10|   0|   10|          0|
    |ret_V_8_reg_903             |  37|   0|   37|          0|
    |tmp_10_reg_924              |   1|   0|    1|          0|
    |vt_V_1_reg_888              |  18|   0|   18|          0|
    +----------------------------+----+----+-----+-----------+
    |Total                       | 194|   0|  194|          0|
    +----------------------------+----+----+-----+-----------+



================================================================
== Interface
================================================================
* Summary: 
+----------------------+-----+-----+------------+---------------+--------------+
|       RTL Ports      | Dir | Bits|  Protocol  | Source Object |    C Type    |
+----------------------+-----+-----+------------+---------------+--------------+
|ap_clk                |   in|    1|  ap_ctrl_hs|  pip_crossing2|  return value|
|ap_rst                |   in|    1|  ap_ctrl_hs|  pip_crossing2|  return value|
|ap_start              |   in|    1|  ap_ctrl_hs|  pip_crossing2|  return value|
|ap_done               |  out|    1|  ap_ctrl_hs|  pip_crossing2|  return value|
|ap_idle               |  out|    1|  ap_ctrl_hs|  pip_crossing2|  return value|
|ap_ready              |  out|    1|  ap_ctrl_hs|  pip_crossing2|  return value|
|ap_return             |  out|    1|  ap_ctrl_hs|  pip_crossing2|  return value|
|ap_ce                 |   in|    1|  ap_ctrl_hs|  pip_crossing2|  return value|
|p_x                   |   in|   18|     ap_none|            p_x|        scalar|
|p_y                   |   in|   18|     ap_none|            p_y|        scalar|
|e1_x                  |   in|   18|     ap_none|           e1_x|        scalar|
|e1_y                  |   in|   18|     ap_none|           e1_y|        scalar|
|e2_x                  |   in|   18|     ap_none|           e2_x|        scalar|
|e2_y                  |   in|   18|     ap_none|           e2_y|        scalar|
|div_table_V_address0  |  out|   10|   ap_memory|    div_table_V|         array|
|div_table_V_ce0       |  out|    1|   ap_memory|    div_table_V|         array|
|div_table_V_q0        |   in|   18|   ap_memory|    div_table_V|         array|
+----------------------+-----+-----+------------+---------------+--------------+

