

================================================================
== Vitis HLS Report for 'pip_crossing2'
================================================================
* Date:           Mon May  2 12:37:32 2022

* Version:        2022.1 (Build 3526262 on Mon Apr 18 15:48:16 MDT 2022)
* Project:        pip_hls_kernel
* Solution:       solution1 (Vitis Kernel Flow Target)
* Product family: zynquplus
* Target device:  xczu9eg-ffvb1156-2-e


================================================================
== Performance Estimates
================================================================
+ Timing: 
    * Summary: 
    +--------+----------+----------+------------+
    |  Clock |  Target  | Estimated| Uncertainty|
    +--------+----------+----------+------------+
    |ap_clk  |  10.00 ns|  4.424 ns|     2.70 ns|
    +--------+----------+----------+------------+

+ Latency: 
    * Summary: 
    +---------+---------+-----------+-----------+-----+-----+---------+
    |  Latency (cycles) |   Latency (absolute)  |  Interval | Pipeline|
    |   min   |   max   |    min    |    max    | min | max |   Type  |
    +---------+---------+-----------+-----------+-----+-----+---------+
    |        7|        7|  70.000 ns|  70.000 ns|    8|    8|      yes|
    +---------+---------+-----------+-----------+-----+-----+---------+

    + Detail: 
        * Instance: 
        N/A

        * Loop: 
        N/A



================================================================
== Utilization Estimates
================================================================
* Summary: 
+-----------------+---------+------+--------+--------+-----+
|       Name      | BRAM_18K|  DSP |   FF   |   LUT  | URAM|
+-----------------+---------+------+--------+--------+-----+
|DSP              |        -|     2|       -|       -|    -|
|Expression       |        -|     -|       0|     553|    -|
|FIFO             |        -|     -|       -|       -|    -|
|Instance         |        -|     -|       -|       -|    -|
|Memory           |        -|     -|       -|       -|    -|
|Multiplexer      |        -|     -|       -|      49|    -|
|Register         |        -|     -|     102|       -|    -|
+-----------------+---------+------+--------+--------+-----+
|Total            |        0|     2|     102|     602|    0|
+-----------------+---------+------+--------+--------+-----+
|Available        |     1824|  2520|  548160|  274080|    0|
+-----------------+---------+------+--------+--------+-----+
|Utilization (%)  |        0|    ~0|      ~0|      ~0|    0|
+-----------------+---------+------+--------+--------+-----+

+ Detail: 
    * Instance: 
    N/A

    * DSP: 
    +---------------------------------+------------------------------+----------------+
    |             Instance            |            Module            |   Expression   |
    +---------------------------------+------------------------------+----------------+
    |am_submul_18s_18s_18s_37_4_1_U5  |am_submul_18s_18s_18s_37_4_1  |  (i0 - i1) * i2|
    |mul_mul_18s_18s_36_4_1_U4        |mul_mul_18s_18s_36_4_1        |         i0 * i1|
    +---------------------------------+------------------------------+----------------+

    * Memory: 
    N/A

    * FIFO: 
    N/A

    * Expression: 
    +------------------------------+----------+----+---+----+------------+------------+
    |         Variable Name        | Operation| DSP| FF| LUT| Bitwidth P0| Bitwidth P1|
    +------------------------------+----------+----+---+----+------------+------------+
    |ix_V_4_fu_645_p2              |         +|   0|  0|  25|          18|          18|
    |ret_V_1_fu_313_p2             |         +|   0|  0|  17|          10|           1|
    |ret_V_8_fu_603_p2             |         +|   0|  0|  44|          37|          37|
    |vt_V_fu_381_p2                |         +|   0|  0|  25|          18|          18|
    |ret_V_6_fu_161_p2             |         -|   0|  0|  26|          19|          19|
    |ret_V_7_fu_225_p2             |         -|   0|  0|  26|          19|          19|
    |and_ln39_1_fu_581_p2          |       and|   0|  0|   2|           1|           1|
    |and_ln39_fu_571_p2            |       and|   0|  0|   2|           1|           1|
    |and_ln936_1_fu_731_p2         |       and|   0|  0|   2|           1|           1|
    |and_ln936_fu_464_p2           |       and|   0|  0|   2|           1|           1|
    |and_ln937_1_fu_745_p2         |       and|   0|  0|   2|           1|           1|
    |and_ln937_fu_478_p2           |       and|   0|  0|   2|           1|           1|
    |ap_return                     |       and|   0|  0|   2|           1|           1|
    |carry_1_fu_401_p2             |       and|   0|  0|   2|           1|           1|
    |carry_3_fu_665_p2             |       and|   0|  0|   2|           1|           1|
    |overflow_2_fu_257_p2          |       and|   0|  0|   2|           1|           1|
    |overflow_3_fu_502_p2          |       and|   0|  0|   2|           1|           1|
    |overflow_4_fu_769_p2          |       and|   0|  0|   2|           1|           1|
    |overflow_fu_193_p2            |       and|   0|  0|   2|           1|           1|
    |underflow_1_fu_793_p2         |       and|   0|  0|   2|           1|           1|
    |underflow_fu_526_p2           |       and|   0|  0|   2|           1|           1|
    |Range1_all_ones_3_fu_697_p2   |      icmp|   0|  0|  11|          11|           2|
    |Range1_all_ones_fu_431_p2     |      icmp|   0|  0|  11|          10|           2|
    |Range1_all_zeros_1_fu_703_p2  |      icmp|   0|  0|  11|          11|           1|
    |Range1_all_zeros_fu_437_p2    |      icmp|   0|  0|  11|          10|           1|
    |Range2_all_ones_1_fu_681_p2   |      icmp|   0|  0|  11|          10|           2|
    |Range2_all_ones_fu_416_p2     |      icmp|   0|  0|  11|           9|           2|
    |icmp_ln1049_fu_307_p2         |      icmp|   0|  0|  11|           8|           1|
    |icmp_ln1695_1_fu_141_p2       |      icmp|   0|  0|  13|          18|          18|
    |icmp_ln1695_fu_135_p2         |      icmp|   0|  0|  13|          18|          18|
    |icmp_ln1696_fu_821_p2         |      icmp|   0|  0|  13|          18|          18|
    |icmp_ln1698_1_fu_147_p2       |      icmp|   0|  0|  13|          18|          18|
    |icmp_ln1698_fu_129_p2         |      icmp|   0|  0|  13|          18|          18|
    |or_ln392_1_fu_807_p2          |        or|   0|  0|   2|           1|           1|
    |or_ln392_fu_540_p2            |        or|   0|  0|   2|           1|           1|
    |or_ln39_fu_586_p2             |        or|   0|  0|   2|           1|           1|
    |or_ln941_1_fu_757_p2          |        or|   0|  0|   2|           1|           1|
    |or_ln941_fu_490_p2            |        or|   0|  0|   2|           1|           1|
    |or_ln942_1_fu_781_p2          |        or|   0|  0|   2|           1|           1|
    |or_ln942_fu_514_p2            |        or|   0|  0|   2|           1|           1|
    |a_V_fu_213_p3                 |    select|   0|  0|  17|           1|          18|
    |b_V_fu_277_p3                 |    select|   0|  0|  17|           1|          18|
    |deleted_ones_3_fu_737_p3      |    select|   0|  0|   2|           1|           1|
    |deleted_ones_fu_470_p3        |    select|   0|  0|   2|           1|           1|
    |deleted_zeros_1_fu_709_p3     |    select|   0|  0|   2|           1|           1|
    |deleted_zeros_fu_443_p3       |    select|   0|  0|   2|           1|           1|
    |ix_V_fu_813_p3                |    select|   0|  0|  17|           1|          18|
    |ret_V_2_fu_327_p3             |    select|   0|  0|  10|           1|          10|
    |select_ln1048_fu_319_p3       |    select|   0|  0|  10|           1|          10|
    |select_ln392_2_fu_269_p3      |    select|   0|  0|  18|           1|          17|
    |select_ln392_3_fu_532_p3      |    select|   0|  0|  18|           1|          17|
    |select_ln392_5_fu_799_p3      |    select|   0|  0|  18|           1|          17|
    |select_ln392_fu_205_p3        |    select|   0|  0|  18|           1|          17|
    |vt_V_1_fu_546_p3              |    select|   0|  0|  17|           1|          18|
    |xor_ln1698_1_fu_576_p2        |       xor|   0|  0|   2|           1|           2|
    |xor_ln1698_fu_566_p2          |       xor|   0|  0|   2|           1|           2|
    |xor_ln348_1_fu_263_p2         |       xor|   0|  0|   2|           1|           1|
    |xor_ln348_fu_199_p2           |       xor|   0|  0|   2|           1|           1|
    |xor_ln936_1_fu_725_p2         |       xor|   0|  0|   2|           1|           2|
    |xor_ln936_fu_458_p2           |       xor|   0|  0|   2|           1|           2|
    |xor_ln941_1_fu_251_p2         |       xor|   0|  0|   2|           1|           2|
    |xor_ln941_2_fu_484_p2         |       xor|   0|  0|   2|           1|           2|
    |xor_ln941_3_fu_496_p2         |       xor|   0|  0|   2|           1|           2|
    |xor_ln941_4_fu_751_p2         |       xor|   0|  0|   2|           1|           2|
    |xor_ln941_5_fu_763_p2         |       xor|   0|  0|   2|           1|           2|
    |xor_ln941_fu_187_p2           |       xor|   0|  0|   2|           1|           2|
    |xor_ln942_1_fu_508_p2         |       xor|   0|  0|   2|           1|           2|
    |xor_ln942_2_fu_659_p2         |       xor|   0|  0|   2|           1|           2|
    |xor_ln942_3_fu_775_p2         |       xor|   0|  0|   2|           1|           2|
    |xor_ln942_4_fu_520_p2         |       xor|   0|  0|   2|           1|           1|
    |xor_ln942_5_fu_787_p2         |       xor|   0|  0|   2|           1|           1|
    |xor_ln942_fu_395_p2           |       xor|   0|  0|   2|           1|           2|
    +------------------------------+----------+----+---+----+------------+------------+
    |Total                         |          |   0|  0| 553|         334|         431|
    +------------------------------+----------+----+---+----+------------+------------+

    * Multiplexer: 
    +-----------+----+-----------+-----+-----------+
    |    Name   | LUT| Input Size| Bits| Total Bits|
    +-----------+----+-----------+-----+-----------+
    |ap_NS_fsm  |  49|          9|    1|          9|
    +-----------+----+-----------+-----+-----------+
    |Total      |  49|          9|    1|          9|
    +-----------+----+-----------+-----+-----------+

    * Register: 
    +-----------------------+----+----+-----+-----------+
    |          Name         | FF | LUT| Bits| Const Bits|
    +-----------------------+----+----+-----+-----------+
    |a_V_reg_876            |  18|   0|   18|          0|
    |ap_CS_fsm              |   8|   0|    8|          0|
    |ap_port_reg_e1_x       |  18|   0|   18|          0|
    |ap_port_reg_e2_x       |  18|   0|   18|          0|
    |ap_port_reg_p_x        |  18|   0|   18|          0|
    |e1_x_read_reg_896      |  18|   0|   18|          0|
    |icmp_ln1695_1_reg_866  |   1|   0|    1|          0|
    |icmp_ln1695_reg_861    |   1|   0|    1|          0|
    |icmp_ln1698_1_reg_871  |   1|   0|    1|          0|
    |icmp_ln1698_reg_856    |   1|   0|    1|          0|
    +-----------------------+----+----+-----+-----------+
    |Total                  | 102|   0|  102|          0|
    +-----------------------+----+----+-----+-----------+



================================================================
== Interface
================================================================
* Summary: 
+----------------------+-----+-----+------------+---------------+--------------+
|       RTL Ports      | Dir | Bits|  Protocol  | Source Object |    C Type    |
+----------------------+-----+-----+------------+---------------+--------------+
|ap_clk                |   in|    1|  ap_ctrl_hs|  pip_crossing2|  return value|
|ap_rst                |   in|    1|  ap_ctrl_hs|  pip_crossing2|  return value|
|ap_start              |   in|    1|  ap_ctrl_hs|  pip_crossing2|  return value|
|ap_done               |  out|    1|  ap_ctrl_hs|  pip_crossing2|  return value|
|ap_idle               |  out|    1|  ap_ctrl_hs|  pip_crossing2|  return value|
|ap_ready              |  out|    1|  ap_ctrl_hs|  pip_crossing2|  return value|
|ap_return             |  out|    1|  ap_ctrl_hs|  pip_crossing2|  return value|
|ap_ce                 |   in|    1|  ap_ctrl_hs|  pip_crossing2|  return value|
|p_x                   |   in|   18|     ap_none|            p_x|        scalar|
|p_y                   |   in|   18|     ap_none|            p_y|        scalar|
|e1_x                  |   in|   18|     ap_none|           e1_x|        scalar|
|e1_y                  |   in|   18|     ap_none|           e1_y|        scalar|
|e2_x                  |   in|   18|     ap_none|           e2_x|        scalar|
|e2_y                  |   in|   18|     ap_none|           e2_y|        scalar|
|div_table_V_address0  |  out|   10|   ap_memory|    div_table_V|         array|
|div_table_V_ce0       |  out|    1|   ap_memory|    div_table_V|         array|
|div_table_V_q0        |   in|   18|   ap_memory|    div_table_V|         array|
+----------------------+-----+-----+------------+---------------+--------------+

